mode: set
github.com/cerncorp/larago/tests/unit/math/math.go:3.24,5.2 1 1
